[templates.hibootstrap.com/jexi/default/index-2.html]
[backblue.gif]
[fade.gif]
[index.html]
[templates.hibootstrap.com/jexi/default/assets/images/tab-2.png]
[templates.hibootstrap.com/jexi/default/assets/css/bootstrap.min.css]
[templates.hibootstrap.com/jexi/default/assets/css/bootstrap-reboot.min.css]
[templates.hibootstrap.com/jexi/default/assets/css/animate.min.css]
[templates.hibootstrap.com/jexi/default/assets/css/swiper-bundle.min.css]
[templates.hibootstrap.com/jexi/default/assets/css/meanmenu.min.css]
[templates.hibootstrap.com/jexi/default/assets/css/magnific-popup.min.css]
[templates.hibootstrap.com/jexi/default/assets/css/main.min.css]
[templates.hibootstrap.com/jexi/default/assets/css/boxicons.min.css]
[templates.hibootstrap.com/jexi/default/assets/css/flaticon.css]
[templates.hibootstrap.com/jexi/default/assets/css/settings.css]
[templates.hibootstrap.com/jexi/default/assets/css/layers.css]
[templates.hibootstrap.com/jexi/default/assets/css/navigation.css]
[templates.hibootstrap.com/jexi/default/assets/css/style.css]
[templates.hibootstrap.com/jexi/default/assets/css/responsive.css]
[templates.hibootstrap.com/jexi/default/assets/css/theme-dark.css]
[templates.hibootstrap.com/jexi/default/index.html]
[templates.hibootstrap.com/jexi/default/assets/images/logo-2.png]
[templates.hibootstrap.com/jexi/default/assets/images/usa.png]
[templates.hibootstrap.com/jexi/default/assets/images/germany.png]
[templates.hibootstrap.com/jexi/default/assets/images/china.png]
[templates.hibootstrap.com/jexi/default/assets/images/uae.png]
[templates.hibootstrap.com/jexi/default/cart.html]
[templates.hibootstrap.com/jexi/default/wishlist.html]
[templates.hibootstrap.com/jexi/default/authentication.html]
[templates.hibootstrap.com/jexi/default/assets/images/logo-3-white.png]
[templates.hibootstrap.com/jexi/default/index-3.html]
[templates.hibootstrap.com/jexi/default/index-4.html]
[templates.hibootstrap.com/jexi/default/gallery.html]
[templates.hibootstrap.com/jexi/default/start-here.html]
[templates.hibootstrap.com/jexi/default/about-us.html]
[templates.hibootstrap.com/jexi/default/about-me.html]
[templates.hibootstrap.com/jexi/default/success-story.html]
[templates.hibootstrap.com/jexi/default/faqs.html]
[templates.hibootstrap.com/jexi/default/membership-levels.html]
[templates.hibootstrap.com/jexi/default/calender.html]
[templates.hibootstrap.com/jexi/default/career.html]
[templates.hibootstrap.com/jexi/default/career-details.html]
[templates.hibootstrap.com/jexi/default/events.html]
[templates.hibootstrap.com/jexi/default/event-details.html]
[templates.hibootstrap.com/jexi/default/zoom-meetings-and-webinars.html]
[templates.hibootstrap.com/jexi/default/meeting-details.html]
[templates.hibootstrap.com/jexi/default/instructors.html]
[templates.hibootstrap.com/jexi/default/instructor-details.html]
[templates.hibootstrap.com/jexi/default/forget-password.html]
[templates.hibootstrap.com/jexi/default/profile.html]
[templates.hibootstrap.com/jexi/default/edit-account.html]
[templates.hibootstrap.com/jexi/default/terms-service.html]
[templates.hibootstrap.com/jexi/default/privacy-policy.html]
[templates.hibootstrap.com/jexi/default/coming-soon.html]
[templates.hibootstrap.com/jexi/default/search-page.html]
[templates.hibootstrap.com/jexi/default/404.html]
[templates.hibootstrap.com/jexi/default/courses.html]
[templates.hibootstrap.com/jexi/default/single-course.html]
[templates.hibootstrap.com/jexi/default/become-a-teacher.html]
[templates.hibootstrap.com/jexi/default/demo-account.html]
[templates.hibootstrap.com/jexi/default/products.html]
[templates.hibootstrap.com/jexi/default/single-product.html]
[templates.hibootstrap.com/jexi/default/checkout.html]
[templates.hibootstrap.com/jexi/default/purchase-guide.html]
[templates.hibootstrap.com/jexi/default/blogs-grid-without-sidebar.html]
[templates.hibootstrap.com/jexi/default/blogs-list-with-sidebar.html]
[templates.hibootstrap.com/jexi/default/single-blog.html]
[templates.hibootstrap.com/jexi/default/contact-us.html]
[templates.hibootstrap.com/jexi/default/contact-me.html]
[templates.hibootstrap.com/jexi/default/assets/images/shapes/shape-5.png]
[templates.hibootstrap.com/jexi/default/assets/images/shapes/shape-6.png]
[templates.hibootstrap.com/jexi/default/assets/images/shapes/shape-7.png]
[templates.hibootstrap.com/jexi/default/assets/images/shapes/shape-8.png]
[templates.hibootstrap.com/jexi/default/assets/images/shapes/shape-9.png]
[templates.hibootstrap.com/jexi/default/assets/images/clients/client-1.jpg]
[templates.hibootstrap.com/jexi/default/assets/images/clients/client-4.jpg]
[templates.hibootstrap.com/jexi/default/assets/images/clients/client-3.jpg]
[templates.hibootstrap.com/jexi/default/assets/images/overlay-shape.png]
[templates.hibootstrap.com/jexi/default/assets/images/cooking-image.jpg]
[templates.hibootstrap.com/jexi/default/assets/images/shapes/bg-top-shape.png]
[templates.hibootstrap.com/jexi/default/assets/images/shapes/shape-1.png]
[templates.hibootstrap.com/jexi/default/assets/images/shapes/shape-2.png]
[templates.hibootstrap.com/jexi/default/assets/images/courses/course-image-7.jpg]
[templates.hibootstrap.com/jexi/default/assets/images/courses/course-image-8.jpg]
[templates.hibootstrap.com/jexi/default/assets/images/courses/course-image-9.jpg]
[templates.hibootstrap.com/jexi/default/assets/images/courses/course-image-10.jpg]
[templates.hibootstrap.com/jexi/default/assets/images/courses/course-image-11.jpg]
[templates.hibootstrap.com/jexi/default/assets/images/courses/course-image-12.jpg]
[templates.hibootstrap.com/jexi/default/assets/images/shapes/bg-bottom-shape.png]
[templates.hibootstrap.com/jexi/default/assets/images/book.png]
[templates.hibootstrap.com/jexi/default/assets/images/shapes/shape-3.png]
[templates.hibootstrap.com/jexi/default/assets/images/shapes/shape-4.png]
[templates.hibootstrap.com/jexi/default/assets/images/clients/client-2.jpg]
[templates.hibootstrap.com/jexi/default/assets/images/chef.png]
[templates.hibootstrap.com/jexi/default/assets/images/events/event-news-1.jpg]
[templates.hibootstrap.com/jexi/default/assets/images/events/event-news-2.jpg]
[templates.hibootstrap.com/jexi/default/assets/images/events/event-news-3.jpg]
[templates.hibootstrap.com/jexi/default/assets/images/partners/partner-res-1.png]
[templates.hibootstrap.com/jexi/default/assets/images/partners/partner-res-2.png]
[templates.hibootstrap.com/jexi/default/assets/images/partners/partner-res-3.png]
[templates.hibootstrap.com/jexi/default/assets/images/partners/partner-res-4.png]
[templates.hibootstrap.com/jexi/default/assets/images/partners/partner-res-5.png]
[templates.hibootstrap.com/jexi/default/assets/images/instagram/instagram-slider-1.jpg]
[templates.hibootstrap.com/jexi/default/assets/images/instagram/instagram-slider-2.jpg]
[templates.hibootstrap.com/jexi/default/assets/images/instagram/instagram-slider-3.jpg]
[templates.hibootstrap.com/jexi/default/assets/images/instagram/instagram-slider-4.jpg]
[templates.hibootstrap.com/jexi/default/assets/images/instagram/instagram-slider-5.jpg]
[templates.hibootstrap.com/jexi/default/assets/images/instagram/instagram-slider-6.jpg]
[templates.hibootstrap.com/jexi/default/assets/images/instagram/instagram-slider-7.jpg]
[templates.hibootstrap.com/jexi/default/assets/images/shapes/curved-line.png]
[templates.hibootstrap.com/jexi/default/assets/images/shapes/half-circle-shape.png]
[templates.hibootstrap.com/jexi/default/assets/images/shapes/animate-shape-3.png]
[templates.hibootstrap.com/cdn-cgi/scripts/5c5dd728/cloudflare-static/email-decode.min.js]
[templates.hibootstrap.com/jexi/default/assets/images/facebook.png]
[templates.hibootstrap.com/jexi/default/assets/images/twitter.png]
[templates.hibootstrap.com/jexi/default/assets/images/linkedin.png]
[templates.hibootstrap.com/jexi/default/assets/images/instagram.png]
[templates.hibootstrap.com/jexi/default/assets/images/youtube.png]
[templates.hibootstrap.com/jexi/default/assets/images/skype.png]
[templates.hibootstrap.com/jexi/default/assets/js/jquery.min.js]
[templates.hibootstrap.com/jexi/default/assets/js/bootstrap.bundle.min.js]
[templates.hibootstrap.com/jexi/default/assets/js/jquery.magnific-popup.min.js]
[templates.hibootstrap.com/jexi/default/assets/js/swiper-bundle.min.js]
[templates.hibootstrap.com/jexi/default/assets/js/jquery.waypoints.min.js]
[templates.hibootstrap.com/jexi/default/assets/js/jquery.counterup.min.js]
[templates.hibootstrap.com/jexi/default/assets/js/moment.js]
[templates.hibootstrap.com/jexi/default/assets/js/main.min.js]
[templates.hibootstrap.com/jexi/default/assets/js/jquery-ui.js]
[templates.hibootstrap.com/jexi/default/assets/js/isotope.pkgd.min.js]
[templates.hibootstrap.com/jexi/default/assets/js/jquery.themepunch.revolution.min.js]
[templates.hibootstrap.com/jexi/default/assets/js/jquery.themepunch.tools.min.js]
[templates.hibootstrap.com/jexi/default/assets/js/extensions/revolution.extension.actions.min.js]
[templates.hibootstrap.com/jexi/default/assets/js/extensions/revolution.extension.carousel.min.js]
[templates.hibootstrap.com/jexi/default/assets/js/extensions/revolution.extension.kenburn.min.js]
[templates.hibootstrap.com/jexi/default/assets/js/extensions/revolution.extension.layeranimation.min.js]
[templates.hibootstrap.com/jexi/default/assets/js/extensions/revolution.extension.migration.min.js]
[templates.hibootstrap.com/jexi/default/assets/js/extensions/revolution.extension.navigation.min.js]
[templates.hibootstrap.com/jexi/default/assets/js/extensions/revolution.extension.parallax.min.js]
[templates.hibootstrap.com/jexi/default/assets/js/extensions/revolution.extension.slideanims.min.js]
[templates.hibootstrap.com/jexi/default/assets/js/extensions/revolution.extension.video.min.js]
[templates.hibootstrap.com/jexi/default/assets/js/jquery.ajaxchimp.min.js]
[templates.hibootstrap.com/jexi/default/assets/js/form-validator.min.js]
[templates.hibootstrap.com/jexi/default/assets/js/contact-form-script.js]
[templates.hibootstrap.com/jexi/default/assets/js/jquery.meanmenu.min.js]
[templates.hibootstrap.com/jexi/default/index-2.html]
[templates.hibootstrap.com/jexi/default/assets/css/bootstrap.min.css]
[templates.hibootstrap.com/jexi/default/assets/css/bootstrap-reboot.min.css]
[templates.hibootstrap.com/jexi/default/assets/css/animate.min.css]
[templates.hibootstrap.com/jexi/default/assets/css/swiper-bundle.min.css]
[templates.hibootstrap.com/jexi/default/assets/css/meanmenu.min.css]
[templates.hibootstrap.com/jexi/default/assets/css/magnific-popup.min.css]
[templates.hibootstrap.com/jexi/default/assets/css/main.min.css]
[templates.hibootstrap.com/jexi/default/assets/js/script.js]
[templates.hibootstrap.com/jexi/default/assets/fonts/boxicons.woff2]
[templates.hibootstrap.com/jexi/default/assets/fonts/boxicons.eot]
[templates.hibootstrap.com/jexi/default/assets/fonts/boxicons.ttf]
[templates.hibootstrap.com/jexi/default/assets/css/boxicons.min.css]
[templates.hibootstrap.com/jexi/default/assets/fonts/boxicons.woff]
[templates.hibootstrap.com/jexi/default/assets/fonts/boxiconsd41d.svg]
[templates.hibootstrap.com/jexi/default/assets/fonts/Flaticon.eot]
[templates.hibootstrap.com/jexi/default/assets/fonts/Flaticond41d.eot]
[templates.hibootstrap.com/jexi/default/assets/fonts/Flaticon.woff2]
[templates.hibootstrap.com/jexi/default/assets/fonts/Flaticon.woff]
[templates.hibootstrap.com/jexi/default/assets/fonts/Flaticon.ttf]
[templates.hibootstrap.com/jexi/default/assets/css/flaticon.css]
[templates.hibootstrap.com/jexi/default/assets/fonts/Flaticon.svg]
[templates.hibootstrap.com/jexi/default/assets/fonts/revicons/revicons90c6.eot]
[templates.hibootstrap.com/jexi/default/assets/fonts/revicons/revicons90c6.woff]
[templates.hibootstrap.com/jexi/default/assets/fonts/revicons/revicons90c6.ttf]
[templates.hibootstrap.com/jexi/default/assets/fonts/revicons/revicons90c6.svg]
[templates.hibootstrap.com/jexi/default/assets/css/openhand.cur]
[templates.hibootstrap.com/jexi/default/assets/css/closedhand.cur]
[templates.hibootstrap.com/jexi/default/assets/assets/gridtile.png]
[templates.hibootstrap.com/jexi/default/assets/assets/gridtile_white.png]
[templates.hibootstrap.com/jexi/default/assets/assets/gridtile_3x3.png]
[templates.hibootstrap.com/jexi/default/assets/assets/gridtile_3x3_white.png]
[templates.hibootstrap.com/jexi/default/assets/images/coloredbg.png]
[templates.hibootstrap.com/jexi/default/assets/images/loader.gif]
[templates.hibootstrap.com/jexi/default/assets/css/settings.css]
[templates.hibootstrap.com/jexi/default/assets/css/layers.css]
[templates.hibootstrap.com/jexi/default/assets/css/navigation.css]
[templates.hibootstrap.com/jexi/default/assets/images/shapes/bg-1.png]
[templates.hibootstrap.com/jexi/default/assets/images/shapes/section-title-shape.png]
[templates.hibootstrap.com/jexi/default/assets/images/shapes/section-title-shape-white.png]
[templates.hibootstrap.com/jexi/default/assets/images/index-3-header/header-bg-3.png]
[templates.hibootstrap.com/jexi/default/assets/images/index-2-header/header-2-image-1.png]
[templates.hibootstrap.com/jexi/default/assets/images/index-2-header/header-2-image-2.png]
[templates.hibootstrap.com/jexi/default/assets/images/index-2-header/header-2-image-3.png]
[templates.hibootstrap.com/jexi/default/assets/images/shapes/line-area-shape.png]
[templates.hibootstrap.com/jexi/default/assets/images/index-4-header/header-hero-1.jpg]
[templates.hibootstrap.com/jexi/default/assets/images/curved-line.png]
[templates.hibootstrap.com/jexi/default/assets/images/half-circle-shape.png]
[templates.hibootstrap.com/jexi/default/assets/images/shapes/frame-2.png]
[templates.hibootstrap.com/jexi/default/assets/images/chevron.png]
[templates.hibootstrap.com/jexi/default/assets/images/shapes/frame-1.png]
[templates.hibootstrap.com/jexi/default/assets/images/shapes/frame-small-1.png]
[templates.hibootstrap.com/jexi/default/assets/images/shapes/frame-small-2.png]
[templates.hibootstrap.com/jexi/default/assets/images/coming-soon.jpg]
[templates.hibootstrap.com/jexi/default/assets/css/style.css]
[templates.hibootstrap.com/jexi/default/assets/css/responsive.css]
[templates.hibootstrap.com/jexi/default/assets/images/night.png]
[templates.hibootstrap.com/jexi/default/assets/images/sunny.png]
[templates.hibootstrap.com/jexi/default/assets/css/theme-dark.css]
[templates.hibootstrap.com/jexi/default/assets/images/tab.png]
[templates.hibootstrap.com/jexi/default/assets/images/logo.png]
[templates.hibootstrap.com/jexi/default/assets/images/index-1-header/header-hero-1.jpg]
[templates.hibootstrap.com/jexi/default/assets/images/index-1-header/header-hero-2.jpg]
[templates.hibootstrap.com/jexi/default/assets/images/shapes/animate-shape-1.png]
[templates.hibootstrap.com/jexi/default/assets/images/shapes/about-grid-icon.png]
[templates.hibootstrap.com/jexi/default/assets/images/shapes/vertical-zigzag-line.png]
[templates.hibootstrap.com/jexi/default/assets/images/shapes/square-dotted-shape.png]
[templates.hibootstrap.com/jexi/default/assets/images/about-image-1.jpg]
[templates.hibootstrap.com/jexi/default/assets/images/about-image-2.jpg]
[templates.hibootstrap.com/jexi/default/assets/images/about-image-3.jpg]
[templates.hibootstrap.com/jexi/default/assets/images/shapes/curve-lines-shape.png]
[templates.hibootstrap.com/jexi/default/assets/images/shapes/cloud-shape.png]
[templates.hibootstrap.com/jexi/default/assets/images/courses/course-image-1.jpg]
[templates.hibootstrap.com/jexi/default/assets/images/courses/course-image-2.jpg]
[templates.hibootstrap.com/jexi/default/assets/images/courses/course-image-3.jpg]
[templates.hibootstrap.com/jexi/default/assets/images/courses/course-image-4.jpg]
[templates.hibootstrap.com/jexi/default/assets/images/courses/course-image-5.jpg]
[templates.hibootstrap.com/jexi/default/assets/images/courses/course-image-6.jpg]
[templates.hibootstrap.com/jexi/default/assets/images/shapes/circle-dot-shape.png]
[templates.hibootstrap.com/jexi/default/assets/images/videos-bg/video-image-1.jpg]
[templates.hibootstrap.com/jexi/default/assets/images/shapes/combined-circle-shape.png]
[templates.hibootstrap.com/jexi/default/assets/images/shapes/bg-line-area-shape.png]
[templates.hibootstrap.com/jexi/default/assets/images/shapes/circle-shape.png]
[templates.hibootstrap.com/jexi/default/assets/images/clients/client-5.jpg]
[templates.hibootstrap.com/jexi/default/assets/images/shapes/triangle-shape.png]
[templates.hibootstrap.com/jexi/default/assets/images/shapes/square-ring-shape.png]
[templates.hibootstrap.com/jexi/default/assets/images/shapes/curved-line-black.png]
[templates.hibootstrap.com/jexi/default/assets/images/shapes/combined-circle-shape-2.png]
[templates.hibootstrap.com/jexi/default/assets/images/events/event-course-1.jpg]
[templates.hibootstrap.com/jexi/default/assets/images/events/event-course-2.jpg]
[templates.hibootstrap.com/jexi/default/assets/images/events/event-course-3.jpg]
[templates.hibootstrap.com/jexi/default/assets/images/partners/partner-1.png]
[templates.hibootstrap.com/jexi/default/assets/images/partners/partner-2.png]
[templates.hibootstrap.com/jexi/default/assets/images/partners/partner-3.png]
[templates.hibootstrap.com/jexi/default/assets/images/partners/partner-4.png]
[templates.hibootstrap.com/jexi/default/assets/images/partners/partner-5.png]
[templates.hibootstrap.com/jexi/default/assets/images/partners/partner-6.png]
[templates.hibootstrap.com/jexi/default/assets/images/partners/partner-7.png]
[templates.hibootstrap.com/jexi/default/assets/images/shapes/become-section-curve-line.png]
[templates.hibootstrap.com/jexi/default/assets/images/shapes/animate-shape-2.png]
[templates.hibootstrap.com/jexi/default/assets/images/header-screenshot.png]
[templates.hibootstrap.com/jexi/default/index.html]
[templates.hibootstrap.com/jexi/default/assets/images/shapes/shape-14.png]
[templates.hibootstrap.com/jexi/default/assets/images/products/product-1.jpg]
[templates.hibootstrap.com/jexi/default/assets/images/products/product-2.jpg]
[templates.hibootstrap.com/jexi/default/assets/images/products/product-3.jpg]
[templates.hibootstrap.com/jexi/default/assets/images/products/product-4.jpg]
[templates.hibootstrap.com/jexi/default/assets/images/products/product-5.jpg]
[templates.hibootstrap.com/jexi/default/assets/images/shapes/cart.png]
[templates.hibootstrap.com/jexi/default/cart.html]
[templates.hibootstrap.com/jexi/default/assets/images/shapes/shape-16.png]
[templates.hibootstrap.com/jexi/default/wishlist.html]
[templates.hibootstrap.com/jexi/default/assets/images/shapes/shape-22.png]
[templates.hibootstrap.com/jexi/default/privacy-policy]
[templates.hibootstrap.com/jexi/default/authentication.html]
[templates.hibootstrap.com/jexi/default/assets/images/tab-3.png]
[templates.hibootstrap.com/jexi/default/assets/images/logo-3.png]
[templates.hibootstrap.com/jexi/default/assets/images/index-3-header/header-3-shape.png]
[templates.hibootstrap.com/jexi/default/assets/images/shapes/course-shape-1.png]
[templates.hibootstrap.com/jexi/default/assets/images/shapes/course-shape-2.png]
[templates.hibootstrap.com/jexi/default/assets/images/shapes/course-shape-3.png]
[templates.hibootstrap.com/jexi/default/assets/images/shapes/course-shape-4.png]
[templates.hibootstrap.com/jexi/default/assets/images/shapes/course-shape-5.png]
[templates.hibootstrap.com/jexi/default/assets/images/shapes/course-shape-6.png]
[templates.hibootstrap.com/jexi/default/assets/images/shapes/offer-shape-1.png]
[templates.hibootstrap.com/jexi/default/assets/images/shapes/offer-shape-2.png]
[templates.hibootstrap.com/jexi/default/assets/images/shapes/offer-shape-3.png]
[templates.hibootstrap.com/jexi/default/assets/images/shapes/offer-shape-4.png]
[templates.hibootstrap.com/jexi/default/assets/images/shapes/abstract-shape-1.png]
[templates.hibootstrap.com/jexi/default/assets/images/shapes/abstract-shape-2.png]
[templates.hibootstrap.com/jexi/default/assets/images/videos-bg/video-image-2.jpg]
[templates.hibootstrap.com/jexi/default/index-3.html]
[templates.hibootstrap.com/jexi/default/assets/images/index-4-header/header-hero-2.jpg]
[templates.hibootstrap.com/jexi/default/index-4.html]
[templates.hibootstrap.com/jexi/default/assets/images/shapes/shape-20.png]
[templates.hibootstrap.com/jexi/default/assets/images/gallery/gallery-1.jpg]
[templates.hibootstrap.com/jexi/default/assets/images/gallery/gallery-2.jpg]
[templates.hibootstrap.com/jexi/default/assets/images/gallery/gallery-3.jpg]
[templates.hibootstrap.com/jexi/default/assets/images/gallery/gallery-4.jpg]
[templates.hibootstrap.com/jexi/default/assets/images/gallery/gallery-5.jpg]
[templates.hibootstrap.com/jexi/default/assets/images/gallery/gallery-6.jpg]
[templates.hibootstrap.com/jexi/default/gallery.html]
[templates.hibootstrap.com/jexi/default/assets/images/courses/course-image-15.jpg]
[templates.hibootstrap.com/jexi/default/assets/images/courses/course-image-16.jpg]
[templates.hibootstrap.com/jexi/default/assets/images/about-group-study-2.jpg]
[templates.hibootstrap.com/jexi/default/start-here.html]
[templates.hibootstrap.com/jexi/default/assets/images/shapes/shape-12.png]
[templates.hibootstrap.com/jexi/default/assets/images/about-group-study.jpg]
[templates.hibootstrap.com/jexi/default/assets/images/shapes/shape-10.png]
[templates.hibootstrap.com/jexi/default/assets/images/shapes/shape-11.png]
[templates.hibootstrap.com/jexi/default/about-us.html]
[templates.hibootstrap.com/jexi/default/about-me.html]
[templates.hibootstrap.com/jexi/default/assets/images/shapes/shape-17.png]
[templates.hibootstrap.com/jexi/default/assets/images/courses/course-image-14.jpg]
[templates.hibootstrap.com/jexi/default/assets/images/courses/course-image-13.jpg]
[templates.hibootstrap.com/jexi/default/success-story.html]
[templates.hibootstrap.com/jexi/default/assets/images/profile-image.jpg]
[templates.hibootstrap.com/jexi/default/faqs.html]
[templates.hibootstrap.com/jexi/default/assets/images/shapes/shape-19.png]
[templates.hibootstrap.com/jexi/default/membership-levels.html]
[templates.hibootstrap.com/jexi/default/calender.html]
[templates.hibootstrap.com/jexi/default/career.html]
[templates.hibootstrap.com/jexi/default/career-details.html]
[templates.hibootstrap.com/jexi/default/assets/images/events/event-course-7.jpg]
[templates.hibootstrap.com/jexi/default/assets/images/events/event-course-8.jpg]
[templates.hibootstrap.com/jexi/default/assets/images/events/event-course-9.jpg]
[templates.hibootstrap.com/jexi/default/events.html]
[templates.hibootstrap.com/jexi/default/assets/images/events/event-details-image.jpg]
[templates.hibootstrap.com/jexi/default/assets/images/comments/comment-1.jpg]
[templates.hibootstrap.com/jexi/default/assets/images/comments/comment-2.jpg]
[templates.hibootstrap.com/jexi/default/assets/images/comments/comment-3.jpg]
[templates.hibootstrap.com/jexi/default/assets/images/comments/comment-4.jpg]
[templates.hibootstrap.com/jexi/default/event-details.html]
[templates.hibootstrap.com/jexi/default/assets/images/shapes/shape-21.png]
[templates.hibootstrap.com/jexi/default/assets/images/meetings/meeting-1.jpg]
[templates.hibootstrap.com/jexi/default/assets/images/meetings/meeting-2.jpg]
[templates.hibootstrap.com/jexi/default/assets/images/meetings/meeting-3.jpg]
[templates.hibootstrap.com/jexi/default/assets/images/meetings/meeting-4.jpg]
[templates.hibootstrap.com/jexi/default/assets/images/meetings/meeting-5.jpg]
[templates.hibootstrap.com/jexi/default/assets/images/meetings/meeting-6.jpg]
[templates.hibootstrap.com/jexi/default/zoom-meetings-and-webinars.html]
[templates.hibootstrap.com/jexi/default/meeting-details.html]
[templates.hibootstrap.com/jexi/default/assets/images/instructors/instructor-2.jpg]
[templates.hibootstrap.com/jexi/default/assets/images/instructors/instructor-1.jpg]
[templates.hibootstrap.com/jexi/default/assets/images/instructors/instructor-3.jpg]
[templates.hibootstrap.com/jexi/default/assets/images/instructors/instructor-4.jpg]
[templates.hibootstrap.com/jexi/default/assets/images/instructors/instructor-5.jpg]
[templates.hibootstrap.com/jexi/default/assets/images/instructors/instructor-6.jpg]
[templates.hibootstrap.com/jexi/default/instructors.html]
[templates.hibootstrap.com/jexi/default/assets/images/instructors/instructor-details-image.jpg]
[templates.hibootstrap.com/jexi/default/instructor-details.html]
[templates.hibootstrap.com/jexi/default/forget-password.html]
[templates.hibootstrap.com/jexi/default/profile.html]
[templates.hibootstrap.com/jexi/default/assets/images/profile-thumb.jpg]
[templates.hibootstrap.com/jexi/default/edit-account.html]
[templates.hibootstrap.com/jexi/default/assets/images/shapes/shape-18.png]
[templates.hibootstrap.com/jexi/default/assets/images/terms-policy-image-1.jpg]
[templates.hibootstrap.com/jexi/default/terms-service.html]
[templates.hibootstrap.com/jexi/default/privacy-policy.html]
[templates.hibootstrap.com/jexi/default/coming-soon.html]
[templates.hibootstrap.com/jexi/default/assets/images/blog-list-1.jpg]
[templates.hibootstrap.com/jexi/default/assets/images/blog-list-3.jpg]
[templates.hibootstrap.com/jexi/default/blog-details.html]
[templates.hibootstrap.com/jexi/default/assets/images/recent-blog-1.jpg]
[templates.hibootstrap.com/jexi/default/assets/images/recent-blog-2.jpg]
[templates.hibootstrap.com/jexi/default/assets/images/recent-blog-3.jpg]
[templates.hibootstrap.com/jexi/default/assets/images/recent-blog-4.jpg]
[templates.hibootstrap.com/jexi/default/search-page.html]
[templates.hibootstrap.com/jexi/default/assets/images/404.png]
[templates.hibootstrap.com/jexi/default/404.html]
[templates.hibootstrap.com/jexi/default/assets/images/shapes/shape-15.png]
[templates.hibootstrap.com/jexi/default/courses.html]
[templates.hibootstrap.com/jexi/default/assets/images/instructor.jpg]
[templates.hibootstrap.com/jexi/default/single-course.html]
[templates.hibootstrap.com/jexi/default/become-a-teacher.html]
[templates.hibootstrap.com/jexi/default/assets/images/contact-me-image.jpg]
[templates.hibootstrap.com/jexi/default/demo-account.html]
[templates.hibootstrap.com/jexi/default/assets/images/products/product-6.jpg]
[templates.hibootstrap.com/jexi/default/products.html]
[templates.hibootstrap.com/jexi/default/single-product.html]
[templates.hibootstrap.com/jexi/default/checkout.html]
[templates.hibootstrap.com/jexi/default/assets/images/purchase-guide.jpg]
[templates.hibootstrap.com/jexi/default/purchase-guide.html]
[templates.hibootstrap.com/jexi/default/assets/images/shapes/shape-13.png]
[templates.hibootstrap.com/jexi/default/assets/images/events/event-course-4.jpg]
[templates.hibootstrap.com/jexi/default/assets/images/events/event-course-5.jpg]
[templates.hibootstrap.com/jexi/default/assets/images/events/event-course-6.jpg]
[templates.hibootstrap.com/jexi/default/blogs-grid-without-sidebar.html]
[templates.hibootstrap.com/jexi/default/assets/images/blog-list-2.jpg]
[templates.hibootstrap.com/jexi/default/blogs-list-with-sidebar.html]
[templates.hibootstrap.com/jexi/default/assets/images/blog-details/blog-details-image.jpg]
[templates.hibootstrap.com/jexi/default/assets/images/blog-details/admin.jpg]
[templates.hibootstrap.com/jexi/default/assets/images/blog-details/blog-grid-1.jpg]
[templates.hibootstrap.com/jexi/default/assets/images/blog-details/blog-grid-2.jpg]
[templates.hibootstrap.com/jexi/default/single-blog.html]
[templates.hibootstrap.com/jexi/default/contact-us.html]
[templates.hibootstrap.com/jexi/default/contact-me.html]
[templates.hibootstrap.com/jexi/default/assets/fonts/boxiconsd41d.svg]
[templates.hibootstrap.com/jexi/default/assets/fonts/Flaticon.svg]
[templates.hibootstrap.com/jexi/default/assets/fonts/revicons/revicons90c6.html]
[templates.hibootstrap.com/jexi/default/assets/fonts/revicons/revicons90c6-2.html]
[templates.hibootstrap.com/jexi/default/assets/fonts/revicons/revicons90c6-3.html]
[templates.hibootstrap.com/jexi/default/assets/fonts/revicons/revicons90c6-4.html]
[templates.hibootstrap.com/jexi/default/assets/css/openhand.html]
[templates.hibootstrap.com/jexi/default/assets/css/closedhand.html]
[templates.hibootstrap.com/jexi/default/assets/assets/gridtile.html]
[templates.hibootstrap.com/jexi/default/assets/assets/gridtile_white.html]
[templates.hibootstrap.com/jexi/default/assets/assets/gridtile_3x3.html]
[templates.hibootstrap.com/jexi/default/assets/assets/gridtile_3x3_white.html]
[templates.hibootstrap.com/jexi/default/assets/images/coloredbg.html]
[templates.hibootstrap.com/jexi/default/assets/images/loader.html]
[templates.hibootstrap.com/jexi/default/assets/images/curved-line.html]
[templates.hibootstrap.com/jexi/default/assets/images/half-circle-shape.html]
[templates.hibootstrap.com/jexi/default/privacy-policy-2.html]
[templates.hibootstrap.com/jexi/default/blog-details.html]
